%!Adobe-FontList 1.13
%Locale:0x409

%BeginFont
Handler:DirectoryHandler
FontType:Type1
FontName:Asap-Bold
FamilyName:Asap
StyleName:Bold
MenuName:Asap
StyleBits:2
WeightClass:700
WidthClass:5
AngleClass:0
FullName:Asap Bold
WritingScript:Roman
OutlineFileName:\Asap-Bold.otf
DataFormat:sfntData
UsesStandardEncoding:yes
isCFF:yes
FileLength:23304
FileModTime:1327521534
%EndFont

%BeginFont
Handler:DirectoryHandler
FontType:Type1
FontName:Asap-Regular
FamilyName:Asap
StyleName:Regular
MenuName:Asap
StyleBits:0
WeightClass:400
WidthClass:5
AngleClass:0
FullName:Asap
WritingScript:Roman
OutlineFileName:\Asap-Regular.otf
DataFormat:sfntData
UsesStandardEncoding:yes
isCFF:yes
FileLength:22596
FileModTime:1327521538
%EndFont

%BeginFont
Handler:DirectoryHandler
FontType:Type1
FontName:Avenir-Black
FamilyName:Avenir
StyleName:95 Black
MenuName:Avenir 65 Medium
StyleBits:2
WeightClass:900
WidthClass:5
AngleClass:0
FullName:12 Avenir 95 Black   09173
WritingScript:Roman
OutlineFileName:\AveniBla
DataFormat:POSTResource
UsesStandardEncoding:yes
isCFF:no
FileLength:32650
FileModTime:481016340
DesignSize:-1
%EndFont

%BeginFont
Handler:DirectoryHandler
FontType:Type1
FontName:Avenir-Heavy
FamilyName:Avenir
StyleName:85 Heavy
MenuName:Avenir 55 Roman
StyleBits:2
WeightClass:850
WidthClass:5
AngleClass:0
FullName:12 Avenir 85 Heavy   08173
WritingScript:Roman
OutlineFileName:\AveniHea
DataFormat:POSTResource
UsesStandardEncoding:yes
isCFF:no
FileLength:31687
FileModTime:481007110
DesignSize:-1
%EndFont

%BeginFont
Handler:DirectoryHandler
FontType:Type1
FontName:Avenir-Medium
FamilyName:Avenir
StyleName:65 Medium
MenuName:Avenir 65 Medium
StyleBits:0
WeightClass:500
WidthClass:5
AngleClass:0
FullName:12 Avenir 65 Medium   06173
WritingScript:Roman
OutlineFileName:\AveniMed
DataFormat:POSTResource
UsesStandardEncoding:yes
isCFF:no
FileLength:30961
FileModTime:481016292
DesignSize:-1
%EndFont

%BeginFont
Handler:DirectoryHandler
FontType:Suitcase
FontName:Avenir-Roman
OutlineFileName:\Avenir 1
ResourceID:14680
MacStyle:0
FileLength:162092
FileModTime:796743054
%EndFont

%BeginFont
Handler:DirectoryHandler
FontType:Suitcase
FontName:Avenir-Heavy
OutlineFileName:\Avenir 1
ResourceID:14680
MacStyle:1
FileLength:162092
FileModTime:796743054
%EndFont

%BeginFont
Handler:DirectoryHandler
FontType:Suitcase
FontName:Avenir-Oblique
OutlineFileName:\Avenir 1
ResourceID:14680
MacStyle:2
FileLength:162092
FileModTime:796743054
%EndFont

%BeginFont
Handler:DirectoryHandler
FontType:Suitcase
FontName:Avenir-HeavyOblique
OutlineFileName:\Avenir 1
ResourceID:14680
MacStyle:3
FileLength:162092
FileModTime:796743054
%EndFont

%BeginFont
Handler:DirectoryHandler
FontType:Suitcase
FontName:Avenir-Oblique
OutlineFileName:\Avenir 1
ResourceID:14679
MacStyle:0
FileLength:162092
FileModTime:796743054
%EndFont

%BeginFont
Handler:DirectoryHandler
FontType:Suitcase
FontName:Avenir-HeavyOblique
OutlineFileName:\Avenir 1
ResourceID:14679
MacStyle:1
FileLength:162092
FileModTime:796743054
%EndFont

%BeginFont
Handler:DirectoryHandler
FontType:Suitcase
FontName:Avenir-LightOblique
OutlineFileName:\Avenir 1
ResourceID:14681
MacStyle:0
FileLength:162092
FileModTime:796743054
%EndFont

%BeginFont
Handler:DirectoryHandler
FontType:Suitcase
FontName:Avenir-Light
OutlineFileName:\Avenir 1
ResourceID:14682
MacStyle:0
FileLength:162092
FileModTime:796743054
%EndFont

%BeginFont
Handler:DirectoryHandler
FontType:Suitcase
FontName:Avenir-LightOblique
OutlineFileName:\Avenir 1
ResourceID:14682
MacStyle:2
FileLength:162092
FileModTime:796743054
%EndFont

%BeginFont
Handler:DirectoryHandler
FontType:Suitcase
FontName:Avenir-HeavyOblique
OutlineFileName:\Avenir 1
ResourceID:14677
MacStyle:0
FileLength:162092
FileModTime:796743054
%EndFont

%BeginFont
Handler:DirectoryHandler
FontType:Suitcase
FontName:Avenir-Heavy
OutlineFileName:\Avenir 1
ResourceID:14678
MacStyle:0
FileLength:162092
FileModTime:796743054
%EndFont

%BeginFont
Handler:DirectoryHandler
FontType:Suitcase
FontName:Avenir-HeavyOblique
OutlineFileName:\Avenir 1
ResourceID:14678
MacStyle:2
FileLength:162092
FileModTime:796743054
%EndFont

%BeginFont
Handler:DirectoryHandler
FontType:Suitcase
FontName:Avenir-MediumOblique
OutlineFileName:\Avenir 2
ResourceID:14673
MacStyle:0
FileLength:162248
FileModTime:1001320456
%EndFont

%BeginFont
Handler:DirectoryHandler
FontType:Suitcase
FontName:Avenir-BlackOblique
OutlineFileName:\Avenir 2
ResourceID:14673
MacStyle:1
FileLength:162248
FileModTime:1001320456
%EndFont

%BeginFont
Handler:DirectoryHandler
FontType:Suitcase
FontName:Avenir-Medium
OutlineFileName:\Avenir 2
ResourceID:14674
MacStyle:0
FileLength:162248
FileModTime:1001320456
%EndFont

%BeginFont
Handler:DirectoryHandler
FontType:Suitcase
FontName:Avenir-Black
OutlineFileName:\Avenir 2
ResourceID:14674
MacStyle:1
FileLength:162248
FileModTime:1001320456
%EndFont

%BeginFont
Handler:DirectoryHandler
FontType:Suitcase
FontName:Avenir-MediumOblique
OutlineFileName:\Avenir 2
ResourceID:14674
MacStyle:2
FileLength:162248
FileModTime:1001320456
%EndFont

%BeginFont
Handler:DirectoryHandler
FontType:Suitcase
FontName:Avenir-BlackOblique
OutlineFileName:\Avenir 2
ResourceID:14674
MacStyle:3
FileLength:162248
FileModTime:1001320456
%EndFont

%BeginFont
Handler:DirectoryHandler
FontType:Suitcase
FontName:Avenir-BookOblique
OutlineFileName:\Avenir 2
ResourceID:14675
MacStyle:0
FileLength:162248
FileModTime:1001320456
%EndFont

%BeginFont
Handler:DirectoryHandler
FontType:Suitcase
FontName:Avenir-BlackOblique
OutlineFileName:\Avenir 2
ResourceID:14671
MacStyle:0
FileLength:162248
FileModTime:1001320456
%EndFont

%BeginFont
Handler:DirectoryHandler
FontType:Suitcase
FontName:Avenir-Black
OutlineFileName:\Avenir 2
ResourceID:14672
MacStyle:0
FileLength:162248
FileModTime:1001320456
%EndFont

%BeginFont
Handler:DirectoryHandler
FontType:Suitcase
FontName:Avenir-BlackOblique
OutlineFileName:\Avenir 2
ResourceID:14672
MacStyle:2
FileLength:162248
FileModTime:1001320456
%EndFont

%BeginFont
Handler:DirectoryHandler
FontType:Suitcase
FontName:Avenir-Book
OutlineFileName:\Avenir 2
ResourceID:14676
MacStyle:0
FileLength:162248
FileModTime:1001320456
%EndFont

%BeginFont
Handler:DirectoryHandler
FontType:Suitcase
FontName:Avenir-BookOblique
OutlineFileName:\Avenir 2
ResourceID:14676
MacStyle:2
FileLength:162248
FileModTime:1001320456
%EndFont

%BeginFont
Handler:DirectoryHandler
FontType:Type1
FontName:MinionPro-Regular
FamilyName:Minion Pro
StyleName:Regular
MenuName:Minion Pro
StyleBits:0
WeightClass:400
WidthClass:5
AngleClass:0
FullName:Minion Pro
WritingScript:Roman
OutlineFileName:\MinionPro-Regular.otf
DataFormat:sfntData
UsesStandardEncoding:yes
isCFF:yes
FileLength:231312
FileModTime:1329738265
DesignSize:110
%EndFont

